I'm sorry, but errors were detected in your script. Please correct the
errors listed below, and try again.


File "game/script.rpy", line 411: indentation mismatch.

Ren'Py Version: Ren'Py 7.4.6.1693
Fri Jul 23 14:29:02 2021
